../Core/Src/main.c:84:5:main	1
../Core/Src/main.c:194:6:SystemClock_Config	3
../Core/Src/main.c:241:13:MX_TIM1_Init	7
../Core/Src/main.c:316:13:MX_TIM2_Init	4
../Core/Src/main.c:361:13:MX_TIM3_Init	4
../Core/Src/main.c:410:13:MX_USART2_UART_Init	2
../Core/Src/main.c:443:13:MX_GPIO_Init	1
../Core/Src/main.c:502:6:StartTask01	2
../Core/Src/main.c:526:6:StartTask02	1
../Core/Src/main.c:544:6:StartTask03	1
../Core/Src/main.c:562:6:StartTask04	1
../Core/Src/main.c:581:6:HAL_TIM_PeriodElapsedCallback	2
../Core/Src/main.c:598:6:Error_Handler	1
