12:49:57 **** Incremental Build of configuration Debug for project Test007-servo ****
make -j24 all 
arm-none-eabi-gcc "../Core/Src/main.c" -mcpu=cortex-m4 -std=gnu11 -g3 -DDEBUG -DUSE_HAL_DRIVER -DSTM32F411xE -c -I../Core/Inc -I../Drivers/STM32F4xx_HAL_Driver/Inc -I../Drivers/STM32F4xx_HAL_Driver/Inc/Legacy -I../Drivers/CMSIS/Device/ST/STM32F4xx/Include -I../Drivers/CMSIS/Include -O0 -ffunction-sections -fdata-sections -Wall -fstack-usage -fcyclomatic-complexity -MMD -MP -MF"Core/Src/main.d" -MT"Core/Src/main.o" --specs=nano.specs -mfpu=fpv4-sp-d16 -mfloat-abi=hard -mthumb -o "Core/Src/main.o"
../Core/Src/main.c: In function 'main':
../Core/Src/main.c:96:3: warning: implicit declaration of function 'ProgramStart' [-Wimplicit-function-declaration]
   96 |   ProgramStart("Motor Control - servo");
      |   ^~~~~~~~~~~~
../Core/Src/main.c:111:15: warning: implicit declaration of function 'printf' [-Wimplicit-function-declaration]
  111 |               printf("angle: %d\r\n", htim3.Instance->CCR2);
      |               ^~~~~~
../Core/Src/main.c:21:1: note: include '<stdio.h>' or provide a declaration of 'printf'
   20 | #include "main.h"
  +++ |+#include <stdio.h>
   21 | 
../Core/Src/main.c:111:15: warning: incompatible implicit declaration of built-in function 'printf' [-Wbuiltin-declaration-mismatch]
  111 |               printf("angle: %d\r\n", htim3.Instance->CCR2);
      |               ^~~~~~
../Core/Src/main.c:111:15: note: include '<stdio.h>' or provide a declaration of 'printf'
../Core/Src/main.c:111:31: warning: format '%d' expects argument of type 'int', but argument 2 has type 'uint32_t' {aka 'long unsigned int'} [-Wformat=]
  111 |               printf("angle: %d\r\n", htim3.Instance->CCR2);
      |                              ~^       ~~~~~~~~~~~~~~~~~~~~
      |                               |                     |
      |                               int                   uint32_t {aka long unsigned int}
      |                              %ld
arm-none-eabi-gcc -o "Test007-servo.elf" @"objects.list"   -mcpu=cortex-m4 -T"C:\Users\user\source\repos\STM32\Test007-servo\STM32F411RETX_FLASH.ld" --specs=nosys.specs -Wl,-Map="Test007-servo.map" -Wl,--gc-sections -static --specs=nano.specs -mfpu=fpv4-sp-d16 -mfloat-abi=hard -mthumb -Wl,--start-group -lc -lm -Wl,--end-group
Finished building target: Test007-servo.elf
 
arm-none-eabi-size  Test007-servo.elf 
arm-none-eabi-objdump -h -S Test007-servo.elf  > "Test007-servo.list"
   text	   data	    bss	    dec	    hex	filename
  18000	    112	   2048	  20160	   4ec0	Test007-servo.elf
Finished building: default.size.stdout
 
Finished building: Test007-servo.list
 

12:49:58 Build Finished. 0 errors, 4 warnings. (took 590ms)

