13:10:50 **** Incremental Build of configuration Debug for project Test004-ADC ****
make -j24 all 
arm-none-eabi-gcc "../Core/Src/main.c" -mcpu=cortex-m4 -std=gnu11 -g3 -DDEBUG -DUSE_HAL_DRIVER -DSTM32F411xE -c -I../Core/Inc -I../Drivers/STM32F4xx_HAL_Driver/Inc -I../Drivers/STM32F4xx_HAL_Driver/Inc/Legacy -I../Drivers/CMSIS/Device/ST/STM32F4xx/Include -I../Drivers/CMSIS/Include -O0 -ffunction-sections -fdata-sections -Wall -fstack-usage -fcyclomatic-complexity -MMD -MP -MF"Core/Src/main.d" -MT"Core/Src/main.o" --specs=nano.specs -mfpu=fpv4-sp-d16 -mfloat-abi=hard -mthumb -o "Core/Src/main.o"
../Core/Src/main.c: In function 'main':
../Core/Src/main.c:97:3: warning: implicit declaration of function 'ProgramStart' [-Wimplicit-function-declaration]
   97 |   ProgramStart("ADC-polling"); // s
      |   ^~~~~~~~~~~~
../Core/Src/main.c:112:11: warning: implicit declaration of function 'Cursor' [-Wimplicit-function-declaration]
  112 |           Cursor((int)((4096-val2)/52),(int)((val1)/178));
      |           ^~~~~~
../Core/Src/main.c:115:19: warning: implicit declaration of function 'printf' [-Wimplicit-function-declaration]
  115 |                   printf("*");
      |                   ^~~~~~
../Core/Src/main.c:21:1: note: include '<stdio.h>' or provide a declaration of 'printf'
   20 | #include "main.h"
  +++ |+#include <stdio.h>
   21 | 
../Core/Src/main.c:115:19: warning: incompatible implicit declaration of built-in function 'printf' [-Wbuiltin-declaration-mismatch]
  115 |                   printf("*");
      |                   ^~~~~~
../Core/Src/main.c:115:19: note: include '<stdio.h>' or provide a declaration of 'printf'
../Core/Src/main.c:118:11: warning: implicit declaration of function 'cls' [-Wimplicit-function-declaration]
  118 |           cls();
      |           ^~~
arm-none-eabi-gcc -o "Test004-ADC.elf" @"objects.list"   -mcpu=cortex-m4 -T"C:\Users\user\source\repos\STM32\Test004-ADC\STM32F411RETX_FLASH.ld" --specs=nosys.specs -Wl,-Map="Test004-ADC.map" -Wl,--gc-sections -static --specs=nano.specs -mfpu=fpv4-sp-d16 -mfloat-abi=hard -mthumb -Wl,--start-group -lc -lm -Wl,--end-group
Finished building target: Test004-ADC.elf
 
arm-none-eabi-size  Test004-ADC.elf 
arm-none-eabi-objdump -h -S Test004-ADC.elf  > "Test004-ADC.list"
   text	   data	    bss	    dec	    hex	filename
  17264	    112	   2048	  19424	   4be0	Test004-ADC.elf
Finished building: default.size.stdout
 
Finished building: Test004-ADC.list
 

13:10:51 Build Finished. 0 errors, 5 warnings. (took 585ms)

