16:47:52 **** Incremental Build of configuration Debug for project Test003-UART ****
make -j24 all 
arm-none-eabi-gcc "../Core/Src/myLib.c" -mcpu=cortex-m4 -std=gnu11 -g3 -DDEBUG -DUSE_HAL_DRIVER -DSTM32F411xE -c -I../Core/Inc -I../Drivers/STM32F4xx_HAL_Driver/Inc -I../Drivers/STM32F4xx_HAL_Driver/Inc/Legacy -I../Drivers/CMSIS/Device/ST/STM32F4xx/Include -I../Drivers/CMSIS/Include -O0 -ffunction-sections -fdata-sections -Wall -fstack-usage -fcyclomatic-complexity -MMD -MP -MF"Core/Src/myLib.d" -MT"Core/Src/myLib.o" --specs=nano.specs -mfpu=fpv4-sp-d16 -mfloat-abi=hard -mthumb -o "Core/Src/myLib.o"
../Core/Src/myLib.c: In function '__io_putchar':
../Core/Src/myLib.c:8:44: warning: passing argument 2 of 'HAL_UART_Transmit' from incompatible pointer type [-Wincompatible-pointer-types]
    8 |                 HAL_UART_Transmit(&huart2, &ch, 1, 10);
      |                                            ^~~
      |                                            |
      |                                            int *
In file included from ../Core/Inc/stm32f4xx_hal_conf.h:411,
                 from ../Drivers/STM32F4xx_HAL_Driver/Inc/stm32f4xx_hal.h:29,
                 from ../Core/Inc/main.h:30,
                 from ../Core/Src/myLib.c:1:
../Drivers/STM32F4xx_HAL_Driver/Inc/stm32f4xx_hal_uart.h:745:79: note: expected 'const uint8_t *' {aka 'const unsigned char *'} but argument is of type 'int *'
  745 | HAL_StatusTypeDef HAL_UART_Transmit(UART_HandleTypeDef *huart, const uint8_t *pData, uint16_t Size, uint32_t Timeout);
      |                                                                ~~~~~~~~~~~~~~~^~~~~
arm-none-eabi-gcc -o "Test003-UART.elf" @"objects.list"   -mcpu=cortex-m4 -T"C:\Users\user\source\repos\STM32\Test003-UART\STM32F411RETX_FLASH.ld" --specs=nosys.specs -Wl,-Map="Test003-UART.map" -Wl,--gc-sections -static --specs=nano.specs -mfpu=fpv4-sp-d16 -mfloat-abi=hard -mthumb -Wl,--start-group -lc -lm -Wl,--end-group
Finished building target: Test003-UART.elf
 
arm-none-eabi-size  Test003-UART.elf 
arm-none-eabi-objdump -h -S Test003-UART.elf  > "Test003-UART.list"
   text	   data	    bss	    dec	    hex	filename
  14020	    112	   1976	  16108	   3eec	Test003-UART.elf
Finished building: default.size.stdout
 
Finished building: Test003-UART.list
 

16:47:53 Build Finished. 0 errors, 1 warnings. (took 535ms)

